// Jest Snapshot v1, https://goo.gl/fbAQLP

exports[`pruebas en RefRealExample debe mostrrse correctamente  1`] = `
<div>
  <h1>
    Real Example Ref
  </h1>
  <hr />
  <button
    className="btn btn-primary mt-5"
    onClick={[Function]}
  >
     MIRA/OCULTA EL CONTENIDO, PERRA!!
  </button>
</div>
`;
